{
  "version": "1.5.0",
  "plugins_used": [
    {
      "name": "ArtifactoryDetector"
    },
    {
      "name": "AWSKeyDetector"
    },
    {
      "name": "AzureStorageKeyDetector"
    },
    {
      "name": "Base64HighEntropyString",
      "limit": 4.5
    },
    {
      "name": "BasicAuthDetector"
    },
    {
      "name": "CloudantDetector"
    },
    {
      "name": "DiscordBotTokenDetector"
    },
    {
      "name": "GitHubTokenDetector"
    },
    {
      "name": "GitLabTokenDetector"
    },
    {
      "name": "HexHighEntropyString",
      "limit": 3.0
    },
    {
      "name": "IbmCloudIamDetector"
    },
    {
      "name": "IbmCosHmacDetector"
    },
    {
      "name": "IPPublicDetector"
    },
    {
      "name": "JwtTokenDetector"
    },
    {
      "name": "KeywordDetector",
      "keyword_exclude": ""
    },
    {
      "name": "MailchimpDetector"
    },
    {
      "name": "NpmDetector"
    },
    {
      "name": "OpenAIDetector"
    },
    {
      "name": "PrivateKeyDetector"
    },
    {
      "name": "PypiTokenDetector"
    },
    {
      "name": "SendGridDetector"
    },
    {
      "name": "SlackDetector"
    },
    {
      "name": "SoftlayerDetector"
    },
    {
      "name": "SquareOAuthDetector"
    },
    {
      "name": "StripeDetector"
    },
    {
      "name": "TelegramBotTokenDetector"
    },
    {
      "name": "TwilioKeyDetector"
    }
  ],
  "filters_used": [
    {
      "path": "detect_secrets.filters.allowlist.is_line_allowlisted"
    },
    {
      "path": "detect_secrets.filters.common.is_baseline_file",
      "filename": ".secrets.baseline"
    },
    {
      "path": "detect_secrets.filters.common.is_ignored_due_to_verification_policies",
      "min_level": 2
    },
    {
      "path": "detect_secrets.filters.heuristic.is_indirect_reference"
    },
    {
      "path": "detect_secrets.filters.heuristic.is_likely_id_string"
    },
    {
      "path": "detect_secrets.filters.heuristic.is_lock_file"
    },
    {
      "path": "detect_secrets.filters.heuristic.is_not_alphanumeric_string"
    },
    {
      "path": "detect_secrets.filters.heuristic.is_potential_uuid"
    },
    {
      "path": "detect_secrets.filters.heuristic.is_prefixed_with_dollar_sign"
    },
    {
      "path": "detect_secrets.filters.heuristic.is_sequential_string"
    },
    {
      "path": "detect_secrets.filters.heuristic.is_swagger_file"
    },
    {
      "path": "detect_secrets.filters.heuristic.is_templated_secret"
    }
  ],
  "results": {
    ".github/workflows/ci.yml": [
      {
        "type": "Secret Keyword",
        "filename": ".github/workflows/ci.yml",
        "hashed_secret": "dc76e9f0c0006e8f919e0c515c66dbba3982f785",
        "is_verified": false,
        "line_number": 33
      },
      {
        "type": "Secret Keyword",
        "filename": ".github/workflows/ci.yml",
        "hashed_secret": "2f5c4a93c9708de2fa914982fb32d0c3078518c2",
        "is_verified": false,
        "line_number": 36
      }
    ],
    "docker-compose.yml": [
      {
        "type": "Secret Keyword",
        "filename": "docker-compose.yml",
        "hashed_secret": "dc76e9f0c0006e8f919e0c515c66dbba3982f785",
        "is_verified": false,
        "line_number": 5
      },
      {
        "type": "Secret Keyword",
        "filename": "docker-compose.yml",
        "hashed_secret": "2f5c4a93c9708de2fa914982fb32d0c3078518c2",
        "is_verified": false,
        "line_number": 8
      }
    ],
    "eval/baselines/amazon.titan-embed-text-v2_0.json": [
      {
        "type": "Hex High Entropy String",
        "filename": "eval/baselines/amazon.titan-embed-text-v2_0.json",
        "hashed_secret": "e9c38a32cc7625e87f204e2a8107cab88551b97f",
        "is_verified": false,
        "line_number": 8
      }
    ],
    "eval/baselines/fake-v1.json": [
      {
        "type": "Hex High Entropy String",
        "filename": "eval/baselines/fake-v1.json",
        "hashed_secret": "39515aabbe3925f0c20a7b750d16a34a73ce7fcc",
        "is_verified": false,
        "line_number": 8
      }
    ],
    "k8s/bootstrap-secrets.sh": [
      {
        "type": "Secret Keyword",
        "filename": "k8s/bootstrap-secrets.sh",
        "hashed_secret": "6eef6648406c333a4035cd5e60d0bf2ecf2606d7",
        "is_verified": false,
        "line_number": 15
      }
    ],
    "services/glassbox/api/ask.py": [
      {
        "type": "Base64 High Entropy String",
        "filename": "services/glassbox/api/ask.py",
        "hashed_secret": "3ea6cf17f95e272933a3b927317b7210d1bac5d5",
        "is_verified": false,
        "line_number": 38
      }
    ],
    "services/tests/test_db_models.py": [
      {
        "type": "Secret Keyword",
        "filename": "services/tests/test_db_models.py",
        "hashed_secret": "b012a4265dfed3f6499539d9c95e877b466332ad",
        "is_verified": false,
        "line_number": 227
      }
    ],
    "services/tests/test_ingest_run.py": [
      {
        "type": "AWS Access Key",
        "filename": "services/tests/test_ingest_run.py",
        "hashed_secret": "1d5bc0e7232d07b336f4d35db4c0200142962f4a",
        "is_verified": false,
        "line_number": 40
      },
      {
        "type": "Private Key",
        "filename": "services/tests/test_ingest_run.py",
        "hashed_secret": "be4fc4886bd949b369d5e092eb87494f12e57e5b",
        "is_verified": false,
        "line_number": 77
      },
      {
        "type": "Base64 High Entropy String",
        "filename": "services/tests/test_ingest_run.py",
        "hashed_secret": "3e3ed5004431f5d3ebd9a62e22bac4c0003c1a6b",
        "is_verified": false,
        "line_number": 78
      },
      {
        "type": "Secret Keyword",
        "filename": "services/tests/test_ingest_run.py",
        "hashed_secret": "3e3ed5004431f5d3ebd9a62e22bac4c0003c1a6b",
        "is_verified": false,
        "line_number": 84
      },
      {
        "type": "AWS Access Key",
        "filename": "services/tests/test_ingest_run.py",
        "hashed_secret": "52f3a0b3cab7fe291c91a2d2ee1b0d6122f18930",
        "is_verified": false,
        "line_number": 93
      }
    ],
    "skills-lock.json": [
      {
        "type": "Hex High Entropy String",
        "filename": "skills-lock.json",
        "hashed_secret": "e53cf0b3fb83a8319ea766e9d6a799464c283469",
        "is_verified": false,
        "line_number": 8
      },
      {
        "type": "Hex High Entropy String",
        "filename": "skills-lock.json",
        "hashed_secret": "925cd6579729e4d8ed3186c32098bfef2fb261b8",
        "is_verified": false,
        "line_number": 14
      },
      {
        "type": "Hex High Entropy String",
        "filename": "skills-lock.json",
        "hashed_secret": "706a1c88a461c88ff817c9a0dfeef5bc266dc711",
        "is_verified": false,
        "line_number": 20
      },
      {
        "type": "Hex High Entropy String",
        "filename": "skills-lock.json",
        "hashed_secret": "33d078fb63f1237947e66fd9367b7f38a57c0d38",
        "is_verified": false,
        "line_number": 26
      },
      {
        "type": "Hex High Entropy String",
        "filename": "skills-lock.json",
        "hashed_secret": "d4c02b3d5e4814c3503320a4708daa44821355f7",
        "is_verified": false,
        "line_number": 32
      },
      {
        "type": "Hex High Entropy String",
        "filename": "skills-lock.json",
        "hashed_secret": "56842d9f2d44906cdfbf335af3fc40be5a0e87c6",
        "is_verified": false,
        "line_number": 38
      },
      {
        "type": "Hex High Entropy String",
        "filename": "skills-lock.json",
        "hashed_secret": "befc6d5e5d17c66d9260b976499aeeac319e5118",
        "is_verified": false,
        "line_number": 44
      },
      {
        "type": "Hex High Entropy String",
        "filename": "skills-lock.json",
        "hashed_secret": "6632c0d495d69a3c5e37bb552bd9558f9d46fe0b",
        "is_verified": false,
        "line_number": 50
      },
      {
        "type": "Hex High Entropy String",
        "filename": "skills-lock.json",
        "hashed_secret": "b77915c08a1796690b160b7194e828d2762cf875",
        "is_verified": false,
        "line_number": 56
      },
      {
        "type": "Hex High Entropy String",
        "filename": "skills-lock.json",
        "hashed_secret": "2b86ff03ce860c6f0a1dd5b746e5d27045f228b9",
        "is_verified": false,
        "line_number": 62
      },
      {
        "type": "Hex High Entropy String",
        "filename": "skills-lock.json",
        "hashed_secret": "987a964ba805496844914c59d68b2b359b0d0fc4",
        "is_verified": false,
        "line_number": 68
      },
      {
        "type": "Hex High Entropy String",
        "filename": "skills-lock.json",
        "hashed_secret": "cc24efa57e201c4a211a2d230d2f2194001bc832",
        "is_verified": false,
        "line_number": 74
      },
      {
        "type": "Hex High Entropy String",
        "filename": "skills-lock.json",
        "hashed_secret": "5526be3b06ce5b8d77fecb6fc03ccbc868e7637d",
        "is_verified": false,
        "line_number": 80
      },
      {
        "type": "Hex High Entropy String",
        "filename": "skills-lock.json",
        "hashed_secret": "e51193fb0b696be29c21b9525ba107321b54d48e",
        "is_verified": false,
        "line_number": 86
      },
      {
        "type": "Hex High Entropy String",
        "filename": "skills-lock.json",
        "hashed_secret": "c4358cd001b0f39517cc5bd872040d78e722a664",
        "is_verified": false,
        "line_number": 92
      },
      {
        "type": "Hex High Entropy String",
        "filename": "skills-lock.json",
        "hashed_secret": "4e20581ced0524da8f60b0949157553865856187",
        "is_verified": false,
        "line_number": 98
      },
      {
        "type": "Hex High Entropy String",
        "filename": "skills-lock.json",
        "hashed_secret": "c6a2dec86912d8c9e4671f3f6a7a616565578043",
        "is_verified": false,
        "line_number": 104
      },
      {
        "type": "Hex High Entropy String",
        "filename": "skills-lock.json",
        "hashed_secret": "300943c0e4d4a79eeeb438840e66e589345e1c6d",
        "is_verified": false,
        "line_number": 110
      },
      {
        "type": "Hex High Entropy String",
        "filename": "skills-lock.json",
        "hashed_secret": "e04924df77a70a9e96727e5d351d00cc4303f064",
        "is_verified": false,
        "line_number": 116
      },
      {
        "type": "Hex High Entropy String",
        "filename": "skills-lock.json",
        "hashed_secret": "be4b6aeac225db05b1e76358b08870e0c14bdab9",
        "is_verified": false,
        "line_number": 122
      },
      {
        "type": "Hex High Entropy String",
        "filename": "skills-lock.json",
        "hashed_secret": "9c244e6f5b4fdb19341af1babd672f0eb3cc8ce1",
        "is_verified": false,
        "line_number": 128
      },
      {
        "type": "Hex High Entropy String",
        "filename": "skills-lock.json",
        "hashed_secret": "29a4dbd3e2751bfcff96aa86ae50c9941c9cb4b0",
        "is_verified": false,
        "line_number": 134
      },
      {
        "type": "Hex High Entropy String",
        "filename": "skills-lock.json",
        "hashed_secret": "c8a035d93efb2f79dd7bf8948d402ab803e17f04",
        "is_verified": false,
        "line_number": 140
      },
      {
        "type": "Hex High Entropy String",
        "filename": "skills-lock.json",
        "hashed_secret": "c170e607f69912d3f885bf7d1ff805b3dd375e25",
        "is_verified": false,
        "line_number": 146
      },
      {
        "type": "Hex High Entropy String",
        "filename": "skills-lock.json",
        "hashed_secret": "328193fc0b52bad1bc69ed17e12819a2e061ca1f",
        "is_verified": false,
        "line_number": 152
      },
      {
        "type": "Hex High Entropy String",
        "filename": "skills-lock.json",
        "hashed_secret": "be973abcfd78f5d9a4634db82fab94159e07244e",
        "is_verified": false,
        "line_number": 158
      },
      {
        "type": "Hex High Entropy String",
        "filename": "skills-lock.json",
        "hashed_secret": "5607688bcf0016b64117bfbdab0488fdd26e16bf",
        "is_verified": false,
        "line_number": 164
      },
      {
        "type": "Hex High Entropy String",
        "filename": "skills-lock.json",
        "hashed_secret": "072bb2a61499cf8743a63a6e8d3879d0b363c3c4",
        "is_verified": false,
        "line_number": 170
      },
      {
        "type": "Hex High Entropy String",
        "filename": "skills-lock.json",
        "hashed_secret": "a6b11d3cab8f7a0862ed625660564d5daf7a29b3",
        "is_verified": false,
        "line_number": 176
      },
      {
        "type": "Hex High Entropy String",
        "filename": "skills-lock.json",
        "hashed_secret": "9707af81bb1d8199d99e2cd8ab9e8924979b3827",
        "is_verified": false,
        "line_number": 182
      },
      {
        "type": "Hex High Entropy String",
        "filename": "skills-lock.json",
        "hashed_secret": "7a7a0788d5891b4ea1fd9db051ea8d2d0e7c525e",
        "is_verified": false,
        "line_number": 188
      },
      {
        "type": "Hex High Entropy String",
        "filename": "skills-lock.json",
        "hashed_secret": "11aa656bfb1aa3da915a955c8684844e0802ba21",
        "is_verified": false,
        "line_number": 194
      },
      {
        "type": "Hex High Entropy String",
        "filename": "skills-lock.json",
        "hashed_secret": "93b0161db5df88fcfe98707544edb679d1f16773",
        "is_verified": false,
        "line_number": 200
      },
      {
        "type": "Hex High Entropy String",
        "filename": "skills-lock.json",
        "hashed_secret": "fc29465191cc7035e542720d256e59721557528a",
        "is_verified": false,
        "line_number": 206
      },
      {
        "type": "Hex High Entropy String",
        "filename": "skills-lock.json",
        "hashed_secret": "c4fa041509f0a41f9296f45ff00d1ba1ee5f98fd",
        "is_verified": false,
        "line_number": 212
      },
      {
        "type": "Hex High Entropy String",
        "filename": "skills-lock.json",
        "hashed_secret": "f14e870463cb417398c89a988db7ea7369d022b7",
        "is_verified": false,
        "line_number": 218
      },
      {
        "type": "Hex High Entropy String",
        "filename": "skills-lock.json",
        "hashed_secret": "dd49c3456b17347dcd319022d91584a578cc758f",
        "is_verified": false,
        "line_number": 224
      },
      {
        "type": "Hex High Entropy String",
        "filename": "skills-lock.json",
        "hashed_secret": "d8e162dd8d665f4eef4c32b768082a89ecf23526",
        "is_verified": false,
        "line_number": 230
      },
      {
        "type": "Hex High Entropy String",
        "filename": "skills-lock.json",
        "hashed_secret": "5e45d11f15dd3f8ff72fa758ad0815da4534a2fa",
        "is_verified": false,
        "line_number": 236
      },
      {
        "type": "Hex High Entropy String",
        "filename": "skills-lock.json",
        "hashed_secret": "4a71fd1c2b352a2b59a99364a407277ba1b49689",
        "is_verified": false,
        "line_number": 242
      },
      {
        "type": "Hex High Entropy String",
        "filename": "skills-lock.json",
        "hashed_secret": "a89de6e722c267b0712eb3928563b4f31471b2c4",
        "is_verified": false,
        "line_number": 248
      },
      {
        "type": "Hex High Entropy String",
        "filename": "skills-lock.json",
        "hashed_secret": "3596dccaa40ad2295dd94c8bd4bcde1d81e30dcb",
        "is_verified": false,
        "line_number": 254
      },
      {
        "type": "Hex High Entropy String",
        "filename": "skills-lock.json",
        "hashed_secret": "cebdb37e0b8af99b7a34eb8178b91a8d6ed36911",
        "is_verified": false,
        "line_number": 260
      },
      {
        "type": "Hex High Entropy String",
        "filename": "skills-lock.json",
        "hashed_secret": "4a7302885c43978de485ce722bf118ba96cacd9e",
        "is_verified": false,
        "line_number": 266
      },
      {
        "type": "Hex High Entropy String",
        "filename": "skills-lock.json",
        "hashed_secret": "2918c6844cdb99039591c10b4dd86ccadf25f982",
        "is_verified": false,
        "line_number": 272
      },
      {
        "type": "Hex High Entropy String",
        "filename": "skills-lock.json",
        "hashed_secret": "1aa325cc81b2aa4f5094b9801c82198c4c890092",
        "is_verified": false,
        "line_number": 278
      },
      {
        "type": "Hex High Entropy String",
        "filename": "skills-lock.json",
        "hashed_secret": "9d7457b01a91ea77e59dda4796c74e5318d63fcc",
        "is_verified": false,
        "line_number": 284
      },
      {
        "type": "Hex High Entropy String",
        "filename": "skills-lock.json",
        "hashed_secret": "baea3926f5a7283c7c978ab1a3656a7f150cdf58",
        "is_verified": false,
        "line_number": 290
      },
      {
        "type": "Hex High Entropy String",
        "filename": "skills-lock.json",
        "hashed_secret": "c0f116ac332cd40acf97e3a79948b190e3e38ea2",
        "is_verified": false,
        "line_number": 296
      },
      {
        "type": "Hex High Entropy String",
        "filename": "skills-lock.json",
        "hashed_secret": "752f2f0517f8bef49b3851af90c3cff81330d825",
        "is_verified": false,
        "line_number": 302
      },
      {
        "type": "Hex High Entropy String",
        "filename": "skills-lock.json",
        "hashed_secret": "cf869a8cb5bdd622e472b74e75e11bfb6861f612",
        "is_verified": false,
        "line_number": 308
      },
      {
        "type": "Hex High Entropy String",
        "filename": "skills-lock.json",
        "hashed_secret": "51d3c73fe553023af623ac52d999798e7cf5a1cc",
        "is_verified": false,
        "line_number": 314
      },
      {
        "type": "Hex High Entropy String",
        "filename": "skills-lock.json",
        "hashed_secret": "b041335f3960d05503f0b27738a56f46f3cbdefd",
        "is_verified": false,
        "line_number": 320
      },
      {
        "type": "Hex High Entropy String",
        "filename": "skills-lock.json",
        "hashed_secret": "84a749b62b214a468ed3b88e734638d5469523d3",
        "is_verified": false,
        "line_number": 326
      },
      {
        "type": "Hex High Entropy String",
        "filename": "skills-lock.json",
        "hashed_secret": "d1d498790a50070f9d7198d8780fde42deb5c3d7",
        "is_verified": false,
        "line_number": 332
      },
      {
        "type": "Hex High Entropy String",
        "filename": "skills-lock.json",
        "hashed_secret": "5282645ecfb4b3740195f9f22bd3f4806b0984a0",
        "is_verified": false,
        "line_number": 338
      },
      {
        "type": "Hex High Entropy String",
        "filename": "skills-lock.json",
        "hashed_secret": "cb1aec7953a37f3d19cfee0b4010c62e8b22bd2b",
        "is_verified": false,
        "line_number": 344
      },
      {
        "type": "Hex High Entropy String",
        "filename": "skills-lock.json",
        "hashed_secret": "c932225654938abbefb65b86f49a4dae3d8f5718",
        "is_verified": false,
        "line_number": 350
      },
      {
        "type": "Hex High Entropy String",
        "filename": "skills-lock.json",
        "hashed_secret": "7e4284bbd8b5ce77da483f483dd3aee669ca2bd5",
        "is_verified": false,
        "line_number": 356
      },
      {
        "type": "Hex High Entropy String",
        "filename": "skills-lock.json",
        "hashed_secret": "45b6099ded8fb841692d05694114e03fa3e5f36c",
        "is_verified": false,
        "line_number": 362
      },
      {
        "type": "Hex High Entropy String",
        "filename": "skills-lock.json",
        "hashed_secret": "d40e7304a41d782003759f85bcf9c4adedc34f2b",
        "is_verified": false,
        "line_number": 368
      },
      {
        "type": "Hex High Entropy String",
        "filename": "skills-lock.json",
        "hashed_secret": "f233ec6cc8c227c80c9727f637997722b373797f",
        "is_verified": false,
        "line_number": 374
      },
      {
        "type": "Hex High Entropy String",
        "filename": "skills-lock.json",
        "hashed_secret": "8f47480b2822f0900c5116ad0b8352d148e9e23d",
        "is_verified": false,
        "line_number": 380
      },
      {
        "type": "Hex High Entropy String",
        "filename": "skills-lock.json",
        "hashed_secret": "3bc2be7b1ba580ed9d9e621a1483d91ed27c2fac",
        "is_verified": false,
        "line_number": 386
      },
      {
        "type": "Hex High Entropy String",
        "filename": "skills-lock.json",
        "hashed_secret": "313ffb5675dd423211a91b6a17d7f51d214841e8",
        "is_verified": false,
        "line_number": 392
      },
      {
        "type": "Hex High Entropy String",
        "filename": "skills-lock.json",
        "hashed_secret": "31cd64b5f839d888576e0d8bd9fececba4d5786e",
        "is_verified": false,
        "line_number": 398
      },
      {
        "type": "Hex High Entropy String",
        "filename": "skills-lock.json",
        "hashed_secret": "27b78230f22effcd5d3799893bd80d373d54dbf3",
        "is_verified": false,
        "line_number": 404
      },
      {
        "type": "Hex High Entropy String",
        "filename": "skills-lock.json",
        "hashed_secret": "699812c740e2b434d9530b3feee2f4b085669eed",
        "is_verified": false,
        "line_number": 410
      },
      {
        "type": "Hex High Entropy String",
        "filename": "skills-lock.json",
        "hashed_secret": "456eee69d1761ccbd726ec4709f155dfb7123aa9",
        "is_verified": false,
        "line_number": 416
      },
      {
        "type": "Hex High Entropy String",
        "filename": "skills-lock.json",
        "hashed_secret": "29baa6a7aa7e003060b5bbce167b3ee643891393",
        "is_verified": false,
        "line_number": 422
      }
    ]
  },
  "generated_at": "2026-09-30T01:54:39Z"
}
