{
  "version": "1.5.0",
  "plugins_used": [
    {
      "name": "ArtifactoryDetector"
    },
    {
      "name": "AWSKeyDetector"
    },
    {
      "name": "AzureStorageKeyDetector"
    },
    {
      "name": "Base64HighEntropyString",
      "limit": 4.5
    },
    {
      "name": "BasicAuthDetector"
    },
    {
      "name": "CloudantDetector"
    },
    {
      "name": "DiscordBotTokenDetector"
    },
    {
      "name": "GitHubTokenDetector"
    },
    {
      "name": "GitLabTokenDetector"
    },
    {
      "name": "HexHighEntropyString",
      "limit": 3.0
    },
    {
      "name": "IbmCloudIamDetector"
    },
    {
      "name": "IbmCosHmacDetector"
    },
    {
      "name": "IPPublicDetector"
    },
    {
      "name": "JwtTokenDetector"
    },
    {
      "name": "KeywordDetector",
      "keyword_exclude": ""
    },
    {
      "name": "MailchimpDetector"
    },
    {
      "name": "NpmDetector"
    },
    {
      "name": "OpenAIDetector"
    },
    {
      "name": "PrivateKeyDetector"
    },
    {
      "name": "PypiTokenDetector"
    },
    {
      "name": "SendGridDetector"
    },
    {
      "name": "SlackDetector"
    },
    {
      "name": "SoftlayerDetector"
    },
    {
      "name": "SquareOAuthDetector"
    },
    {
      "name": "StripeDetector"
    },
    {
      "name": "TelegramBotTokenDetector"
    },
    {
      "name": "TwilioKeyDetector"
    }
  ],
  "filters_used": [
    {
      "path": "detect_secrets.filters.allowlist.is_line_allowlisted"
    },
    {
      "path": "detect_secrets.filters.common.is_baseline_file",
      "filename": ".secrets.baseline"
    },
    {
      "path": "detect_secrets.filters.common.is_ignored_due_to_verification_policies",
      "min_level": 2
    },
    {
      "path": "detect_secrets.filters.heuristic.is_indirect_reference"
    },
    {
      "path": "detect_secrets.filters.heuristic.is_likely_id_string"
    },
    {
      "path": "detect_secrets.filters.heuristic.is_lock_file"
    },
    {
      "path": "detect_secrets.filters.heuristic.is_not_alphanumeric_string"
    },
    {
      "path": "detect_secrets.filters.heuristic.is_potential_uuid"
    },
    {
      "path": "detect_secrets.filters.heuristic.is_prefixed_with_dollar_sign"
    },
    {
      "path": "detect_secrets.filters.heuristic.is_sequential_string"
    },
    {
      "path": "detect_secrets.filters.heuristic.is_swagger_file"
    },
    {
      "path": "detect_secrets.filters.heuristic.is_templated_secret"
    }
  ],
  "results": {
    "docker-compose.yml": [
      {
        "type": "Secret Keyword",
        "filename": "docker-compose.yml",
        "hashed_secret": "dc76e9f0c0006e8f919e0c515c66dbba3982f785",
        "is_verified": false,
        "line_number": 5
      },
      {
        "type": "Secret Keyword",
        "filename": "docker-compose.yml",
        "hashed_secret": "2f5c4a93c9708de2fa914982fb32d0c3078518c2",
        "is_verified": false,
        "line_number": 8
      }
    ],
    "eval/baselines/amazon.titan-embed-text-v2_0.json": [
      {
        "type": "Hex High Entropy String",
        "filename": "eval/baselines/amazon.titan-embed-text-v2_0.json",
        "hashed_secret": "e9c38a32cc7625e87f204e2a8107cab88551b97f",
        "is_verified": false,
        "line_number": 8
      }
    ],
    "eval/baselines/fake-v1.json": [
      {
        "type": "Hex High Entropy String",
        "filename": "eval/baselines/fake-v1.json",
        "hashed_secret": "39515aabbe3925f0c20a7b750d16a34a73ce7fcc",
        "is_verified": false,
        "line_number": 8
      }
    ],
    "k8s/bootstrap-secrets.sh": [
      {
        "type": "Secret Keyword",
        "filename": "k8s/bootstrap-secrets.sh",
        "hashed_secret": "6eef6648406c333a4035cd5e60d0bf2ecf2606d7",
        "is_verified": false,
        "line_number": 15
      }
    ],
    "services/glassbox/api/ask.py": [
      {
        "type": "Base64 High Entropy String",
        "filename": "services/glassbox/api/ask.py",
        "hashed_secret": "3ea6cf17f95e272933a3b927317b7210d1bac5d5",
        "is_verified": false,
        "line_number": 55
      }
    ],
    "services/tests/test_db_models.py": [
      {
        "type": "Secret Keyword",
        "filename": "services/tests/test_db_models.py",
        "hashed_secret": "b012a4265dfed3f6499539d9c95e877b466332ad",
        "is_verified": false,
        "line_number": 240
      }
    ],
    "services/tests/test_ingest_run.py": [
      {
        "type": "AWS Access Key",
        "filename": "services/tests/test_ingest_run.py",
        "hashed_secret": "1d5bc0e7232d07b336f4d35db4c0200142962f4a",
        "is_verified": false,
        "line_number": 43
      },
      {
        "type": "Private Key",
        "filename": "services/tests/test_ingest_run.py",
        "hashed_secret": "be4fc4886bd949b369d5e092eb87494f12e57e5b",
        "is_verified": false,
        "line_number": 79
      },
      {
        "type": "Base64 High Entropy String",
        "filename": "services/tests/test_ingest_run.py",
        "hashed_secret": "3e3ed5004431f5d3ebd9a62e22bac4c0003c1a6b",
        "is_verified": false,
        "line_number": 80
      },
      {
        "type": "Secret Keyword",
        "filename": "services/tests/test_ingest_run.py",
        "hashed_secret": "3e3ed5004431f5d3ebd9a62e22bac4c0003c1a6b",
        "is_verified": false,
        "line_number": 86
      },
      {
        "type": "AWS Access Key",
        "filename": "services/tests/test_ingest_run.py",
        "hashed_secret": "52f3a0b3cab7fe291c91a2d2ee1b0d6122f18930",
        "is_verified": false,
        "line_number": 95
      }
    ],
    "skills-lock.json": [
      {
        "type": "Hex High Entropy String",
        "filename": "skills-lock.json",
        "hashed_secret": "e53cf0b3fb83a8319ea766e9d6a799464c283469",
        "is_verified": false,
        "line_number": 8
      },
      {
        "type": "Hex High Entropy String",
        "filename": "skills-lock.json",
        "hashed_secret": "925cd6579729e4d8ed3186c32098bfef2fb261b8",
        "is_verified": false,
        "line_number": 14
      },
      {
        "type": "Hex High Entropy String",
        "filename": "skills-lock.json",
        "hashed_secret": "706a1c88a461c88ff817c9a0dfeef5bc266dc711",
        "is_verified": false,
        "line_number": 20
      },
      {
        "type": "Hex High Entropy String",
        "filename": "skills-lock.json",
        "hashed_secret": "328193fc0b52bad1bc69ed17e12819a2e061ca1f",
        "is_verified": false,
        "line_number": 26
      },
      {
        "type": "Hex High Entropy String",
        "filename": "skills-lock.json",
        "hashed_secret": "5607688bcf0016b64117bfbdab0488fdd26e16bf",
        "is_verified": false,
        "line_number": 32
      },
      {
        "type": "Hex High Entropy String",
        "filename": "skills-lock.json",
        "hashed_secret": "072bb2a61499cf8743a63a6e8d3879d0b363c3c4",
        "is_verified": false,
        "line_number": 38
      },
      {
        "type": "Hex High Entropy String",
        "filename": "skills-lock.json",
        "hashed_secret": "a6b11d3cab8f7a0862ed625660564d5daf7a29b3",
        "is_verified": false,
        "line_number": 44
      },
      {
        "type": "Hex High Entropy String",
        "filename": "skills-lock.json",
        "hashed_secret": "9707af81bb1d8199d99e2cd8ab9e8924979b3827",
        "is_verified": false,
        "line_number": 50
      },
      {
        "type": "Hex High Entropy String",
        "filename": "skills-lock.json",
        "hashed_secret": "7a7a0788d5891b4ea1fd9db051ea8d2d0e7c525e",
        "is_verified": false,
        "line_number": 56
      },
      {
        "type": "Hex High Entropy String",
        "filename": "skills-lock.json",
        "hashed_secret": "11aa656bfb1aa3da915a955c8684844e0802ba21",
        "is_verified": false,
        "line_number": 62
      },
      {
        "type": "Hex High Entropy String",
        "filename": "skills-lock.json",
        "hashed_secret": "93b0161db5df88fcfe98707544edb679d1f16773",
        "is_verified": false,
        "line_number": 68
      },
      {
        "type": "Hex High Entropy String",
        "filename": "skills-lock.json",
        "hashed_secret": "fc29465191cc7035e542720d256e59721557528a",
        "is_verified": false,
        "line_number": 74
      },
      {
        "type": "Hex High Entropy String",
        "filename": "skills-lock.json",
        "hashed_secret": "c4fa041509f0a41f9296f45ff00d1ba1ee5f98fd",
        "is_verified": false,
        "line_number": 80
      },
      {
        "type": "Hex High Entropy String",
        "filename": "skills-lock.json",
        "hashed_secret": "f14e870463cb417398c89a988db7ea7369d022b7",
        "is_verified": false,
        "line_number": 86
      },
      {
        "type": "Hex High Entropy String",
        "filename": "skills-lock.json",
        "hashed_secret": "dd49c3456b17347dcd319022d91584a578cc758f",
        "is_verified": false,
        "line_number": 92
      },
      {
        "type": "Hex High Entropy String",
        "filename": "skills-lock.json",
        "hashed_secret": "d40e7304a41d782003759f85bcf9c4adedc34f2b",
        "is_verified": false,
        "line_number": 98
      },
      {
        "type": "Hex High Entropy String",
        "filename": "skills-lock.json",
        "hashed_secret": "8f47480b2822f0900c5116ad0b8352d148e9e23d",
        "is_verified": false,
        "line_number": 104
      },
      {
        "type": "Hex High Entropy String",
        "filename": "skills-lock.json",
        "hashed_secret": "3bc2be7b1ba580ed9d9e621a1483d91ed27c2fac",
        "is_verified": false,
        "line_number": 110
      },
      {
        "type": "Hex High Entropy String",
        "filename": "skills-lock.json",
        "hashed_secret": "313ffb5675dd423211a91b6a17d7f51d214841e8",
        "is_verified": false,
        "line_number": 116
      },
      {
        "type": "Hex High Entropy String",
        "filename": "skills-lock.json",
        "hashed_secret": "31cd64b5f839d888576e0d8bd9fececba4d5786e",
        "is_verified": false,
        "line_number": 122
      },
      {
        "type": "Hex High Entropy String",
        "filename": "skills-lock.json",
        "hashed_secret": "27b78230f22effcd5d3799893bd80d373d54dbf3",
        "is_verified": false,
        "line_number": 128
      },
      {
        "type": "Hex High Entropy String",
        "filename": "skills-lock.json",
        "hashed_secret": "699812c740e2b434d9530b3feee2f4b085669eed",
        "is_verified": false,
        "line_number": 134
      },
      {
        "type": "Hex High Entropy String",
        "filename": "skills-lock.json",
        "hashed_secret": "456eee69d1761ccbd726ec4709f155dfb7123aa9",
        "is_verified": false,
        "line_number": 140
      },
      {
        "type": "Hex High Entropy String",
        "filename": "skills-lock.json",
        "hashed_secret": "29baa6a7aa7e003060b5bbce167b3ee643891393",
        "is_verified": false,
        "line_number": 146
      }
    ]
  },
  "generated_at": "2026-10-02T05:21:03Z"
}
